{
  "enableSearch": true,
  "pages": [
    {
      "headings": {},
      "src": "index.md",
      "title": "Hello World",
      "layout": "default"
    },
    {
      "headings": {},
      "src": "Home.md",
      "title": "",
      "layout": "default"
    },
    {
      "headings": {
        "page-1": "Page 1"
      },
      "src": "Page-1.md",
      "title": "",
      "layout": "default"
    },
    {
      "headings": {},
      "src": "_Footer.md",
      "title": "",
      "layout": "default"
    },
    {
      "headings": {},
      "src": "_Sidebar.md",
      "title": "",
      "layout": "default"
    },
    {
      "headings": {
        "about": "About"
      },
      "src": "about.md",
      "title": "",
      "layout": "default"
    },
    {
      "headings": {
        "topic-1": "Topic 1"
      },
      "header": "header.md",
      "siteNav": "site-nav.md",
      "src": "contents/topic1.md",
      "title": "",
      "layout": "default"
    },
    {
      "headings": {},
      "header": "header.md",
      "siteNav": "site-nav.md",
      "src": "contents/topic2.md",
      "title": "",
      "layout": "default"
    },
    {
      "headings": {},
      "header": "header.md",
      "siteNav": "site-nav.md",
      "src": "contents/topic3a.md",
      "title": "",
      "layout": "default"
    },
    {
      "headings": {},
      "header": "header.md",
      "siteNav": "site-nav.md",
      "src": "contents/topic3b.md",
      "title": "",
      "layout": "default"
    }
  ]
}
